Archive member included to satisfy reference by file (symbol)

c:/ac6/systemworkbench/plugins/fr.ac6.mcu.externaltools.arm-none.win32_1.17.0.201812190825/tools/compiler/bin/../lib/gcc/arm-none-eabi/7.3.1/thumb/v7e-m/fpv4-sp/hard\libgcc.a(_aeabi_uldivmod.o)
                              Drivers/STM32L4xx_HAL_Driver/Src/stm32l4xx_hal_uart.o (__aeabi_uldivmod)
c:/ac6/systemworkbench/plugins/fr.ac6.mcu.externaltools.arm-none.win32_1.17.0.201812190825/tools/compiler/bin/../lib/gcc/arm-none-eabi/7.3.1/thumb/v7e-m/fpv4-sp/hard\libgcc.a(_udivmoddi4.o)
                              c:/ac6/systemworkbench/plugins/fr.ac6.mcu.externaltools.arm-none.win32_1.17.0.201812190825/tools/compiler/bin/../lib/gcc/arm-none-eabi/7.3.1/thumb/v7e-m/fpv4-sp/hard\libgcc.a(_aeabi_uldivmod.o) (__udivmoddi4)
c:/ac6/systemworkbench/plugins/fr.ac6.mcu.externaltools.arm-none.win32_1.17.0.201812190825/tools/compiler/bin/../lib/gcc/arm-none-eabi/7.3.1/thumb/v7e-m/fpv4-sp/hard\libgcc.a(_dvmd_tls.o)
                              c:/ac6/systemworkbench/plugins/fr.ac6.mcu.externaltools.arm-none.win32_1.17.0.201812190825/tools/compiler/bin/../lib/gcc/arm-none-eabi/7.3.1/thumb/v7e-m/fpv4-sp/hard\libgcc.a(_aeabi_uldivmod.o) (__aeabi_ldiv0)
c:/ac6/systemworkbench/plugins/fr.ac6.mcu.externaltools.arm-none.win32_1.17.0.201812190825/tools/compiler/bin/../lib/gcc/arm-none-eabi/7.3.1/../../../../arm-none-eabi/lib/thumb/v7e-m/fpv4-sp/hard\libc_nano.a(lib_a-errno.o)
                              Core/Src/syscalls.o (__errno)
c:/ac6/systemworkbench/plugins/fr.ac6.mcu.externaltools.arm-none.win32_1.17.0.201812190825/tools/compiler/bin/../lib/gcc/arm-none-eabi/7.3.1/../../../../arm-none-eabi/lib/thumb/v7e-m/fpv4-sp/hard\libc_nano.a(lib_a-exit.o)
                              c:/ac6/systemworkbench/plugins/fr.ac6.mcu.externaltools.arm-none.win32_1.17.0.201812190825/tools/compiler/bin/../lib/gcc/arm-none-eabi/7.3.1/../../../../arm-none-eabi/lib/thumb/v7e-m/fpv4-sp/hard/crt0.o (exit)
c:/ac6/systemworkbench/plugins/fr.ac6.mcu.externaltools.arm-none.win32_1.17.0.201812190825/tools/compiler/bin/../lib/gcc/arm-none-eabi/7.3.1/../../../../arm-none-eabi/lib/thumb/v7e-m/fpv4-sp/hard\libc_nano.a(lib_a-impure.o)
                              c:/ac6/systemworkbench/plugins/fr.ac6.mcu.externaltools.arm-none.win32_1.17.0.201812190825/tools/compiler/bin/../lib/gcc/arm-none-eabi/7.3.1/../../../../arm-none-eabi/lib/thumb/v7e-m/fpv4-sp/hard\libc_nano.a(lib_a-exit.o) (_global_impure_ptr)
c:/ac6/systemworkbench/plugins/fr.ac6.mcu.externaltools.arm-none.win32_1.17.0.201812190825/tools/compiler/bin/../lib/gcc/arm-none-eabi/7.3.1/../../../../arm-none-eabi/lib/thumb/v7e-m/fpv4-sp/hard\libc_nano.a(lib_a-init.o)
                              c:/ac6/systemworkbench/plugins/fr.ac6.mcu.externaltools.arm-none.win32_1.17.0.201812190825/tools/compiler/bin/../lib/gcc/arm-none-eabi/7.3.1/../../../../arm-none-eabi/lib/thumb/v7e-m/fpv4-sp/hard/crt0.o (__libc_init_array)
c:/ac6/systemworkbench/plugins/fr.ac6.mcu.externaltools.arm-none.win32_1.17.0.201812190825/tools/compiler/bin/../lib/gcc/arm-none-eabi/7.3.1/../../../../arm-none-eabi/lib/thumb/v7e-m/fpv4-sp/hard\libc_nano.a(lib_a-memset.o)
                              c:/ac6/systemworkbench/plugins/fr.ac6.mcu.externaltools.arm-none.win32_1.17.0.201812190825/tools/compiler/bin/../lib/gcc/arm-none-eabi/7.3.1/../../../../arm-none-eabi/lib/thumb/v7e-m/fpv4-sp/hard/crt0.o (memset)
c:/ac6/systemworkbench/plugins/fr.ac6.mcu.externaltools.arm-none.win32_1.17.0.201812190825/tools/compiler/bin/../lib/gcc/arm-none-eabi/7.3.1/../../../../arm-none-eabi/lib/thumb/v7e-m/fpv4-sp/hard\libc_nano.a(lib_a-strlen.o)
                              Core/Src/main.o (strlen)

Allocating common symbols
Common symbol       size              file

hdma_usart2_rx      0x48              Core/Src/main.o
rx_buff             0x1               Core/Src/main.o
gs                  0x18              Core/Src/main.o
uwTick              0x4               Drivers/STM32L4xx_HAL_Driver/Src/stm32l4xx_hal.o
hdma_usart2_tx      0x48              Core/Src/main.o
huart2              0x84              Core/Src/main.o

Discarded input sections

 .text          0x00000000        0x0 c:/ac6/systemworkbench/plugins/fr.ac6.mcu.externaltools.arm-none.win32_1.17.0.201812190825/tools/compiler/bin/../lib/gcc/arm-none-eabi/7.3.1/thumb/v7e-m/fpv4-sp/hard/crti.o
 .data          0x00000000        0x0 c:/ac6/systemworkbench/plugins/fr.ac6.mcu.externaltools.arm-none.win32_1.17.0.201812190825/tools/compiler/bin/../lib/gcc/arm-none-eabi/7.3.1/thumb/v7e-m/fpv4-sp/hard/crti.o
 .bss           0x00000000        0x0 c:/ac6/systemworkbench/plugins/fr.ac6.mcu.externaltools.arm-none.win32_1.17.0.201812190825/tools/compiler/bin/../lib/gcc/arm-none-eabi/7.3.1/thumb/v7e-m/fpv4-sp/hard/crti.o
 .data          0x00000000        0x4 c:/ac6/systemworkbench/plugins/fr.ac6.mcu.externaltools.arm-none.win32_1.17.0.201812190825/tools/compiler/bin/../lib/gcc/arm-none-eabi/7.3.1/thumb/v7e-m/fpv4-sp/hard/crtbegin.o
[...]
Memory Configuration

Name             Origin             Length             Attributes
RAM              0x20000000         0x00018000         xrw
RAM2             0x10000000         0x00008000         xrw
FLASH            0x08000000         0x00100000         xr
*default*        0x00000000         0xffffffff

Linker script and memory map

LOAD c:/ac6/systemworkbench/plugins/fr.ac6.mcu.externaltools.arm-none.win32_1.17.0.201812190825/tools/compiler/bin/../lib/gcc/arm-none-eabi/7.3.1/thumb/v7e-m/fpv4-sp/hard/crti.o
LOAD c:/ac6/systemworkbench/plugins/fr.ac6.mcu.externaltools.arm-none.win32_1.17.0.201812190825/tools/compiler/bin/../lib/gcc/arm-none-eabi/7.3.1/thumb/v7e-m/fpv4-sp/hard/crtbegin.o
LOAD c:/ac6/systemworkbench/plugins/fr.ac6.mcu.externaltools.arm-none.win32_1.17.0.201812190825/tools/compiler/bin/../lib/gcc/arm-none-eabi/7.3.1/../../../../arm-none-eabi/lib/thumb/v7e-m/fpv4-sp/hard/crt0.o
LOAD Core/Src/main.o
LOAD Core/Src/stm32l4xx_hal_msp.o
LOAD Core/Src/stm32l4xx_it.o
LOAD Core/Src/syscalls.o
LOAD Core/Src/system_stm32l4xx.o
LOAD Drivers/STM32L4xx_HAL_Driver/Src/stm32l4xx_hal.o
LOAD Drivers/STM32L4xx_HAL_Driver/Src/stm32l4xx_hal_cortex.o
LOAD Drivers/STM32L4xx_HAL_Driver/Src/stm32l4xx_hal_dma.o
LOAD Drivers/STM32L4xx_HAL_Driver/Src/stm32l4xx_hal_dma_ex.o
LOAD Drivers/STM32L4xx_HAL_Driver/Src/stm32l4xx_hal_exti.o
LOAD Drivers/STM32L4xx_HAL_Driver/Src/stm32l4xx_hal_flash.o
LOAD Drivers/STM32L4xx_HAL_Driver/Src/stm32l4xx_hal_flash_ex.o
LOAD Drivers/STM32L4xx_HAL_Driver/Src/stm32l4xx_hal_flash_ramfunc.o
LOAD Drivers/STM32L4xx_HAL_Driver/Src/stm32l4xx_hal_gpio.o
LOAD Drivers/STM32L4xx_HAL_Driver/Src/stm32l4xx_hal_i2c.o
LOAD Drivers/STM32L4xx_HAL_Driver/Src/stm32l4xx_hal_i2c_ex.o
LOAD Drivers/STM32L4xx_HAL_Driver/Src/stm32l4xx_hal_pwr.o
LOAD Drivers/STM32L4xx_HAL_Driver/Src/stm32l4xx_hal_pwr_ex.o
LOAD Drivers/STM32L4xx_HAL_Driver/Src/stm32l4xx_hal_rcc.o
LOAD Drivers/STM32L4xx_HAL_Driver/Src/stm32l4xx_hal_rcc_ex.o
LOAD Drivers/STM32L4xx_HAL_Driver/Src/stm32l4xx_hal_tim.o
LOAD Drivers/STM32L4xx_HAL_Driver/Src/stm32l4xx_hal_tim_ex.o
LOAD Drivers/STM32L4xx_HAL_Driver/Src/stm32l4xx_hal_uart.o
LOAD Drivers/STM32L4xx_HAL_Driver/Src/stm32l4xx_hal_uart_ex.o
LOAD startup/startup_stm32l476xx.o
LOAD c:/ac6/systemworkbench/plugins/fr.ac6.mcu.externaltools.arm-none.win32_1.17.0.201812190825/tools/compiler/bin/../lib/gcc/arm-none-eabi/7.3.1/../../../../arm-none-eabi/lib/thumb/v7e-m/fpv4-sp/hard\libm.a
START GROUP
LOAD c:/ac6/systemworkbench/plugins/fr.ac6.mcu.externaltools.arm-none.win32_1.17.0.201812190825/tools/compiler/bin/../lib/gcc/arm-none-eabi/7.3.1/thumb/v7e-m/fpv4-sp/hard\libgcc.a
LOAD c:/ac6/systemworkbench/plugins/fr.ac6.mcu.externaltools.arm-none.win32_1.17.0.201812190825/tools/compiler/bin/../lib/gcc/arm-none-eabi/7.3.1/../../../../arm-none-eabi/lib/thumb/v7e-m/fpv4-sp/hard\libc_nano.a
END GROUP
START GROUP
LOAD c:/ac6/systemworkbench/plugins/fr.ac6.mcu.externaltools.arm-none.win32_1.17.0.201812190825/tools/compiler/bin/../lib/gcc/arm-none-eabi/7.3.1/thumb/v7e-m/fpv4-sp/hard\libgcc.a
LOAD c:/ac6/systemworkbench/plugins/fr.ac6.mcu.externaltools.arm-none.win32_1.17.0.201812190825/tools/compiler/bin/../lib/gcc/arm-none-eabi/7.3.1/../../../../arm-none-eabi/lib/thumb/v7e-m/fpv4-sp/hard\libc_nano.a
LOAD c:/ac6/systemworkbench/plugins/fr.ac6.mcu.externaltools.arm-none.win32_1.17.0.201812190825/tools/compiler/bin/../lib/gcc/arm-none-eabi/7.3.1/../../../../arm-none-eabi/lib/thumb/v7e-m/fpv4-sp/hard\libnosys.a
END GROUP
START GROUP
LOAD c:/ac6/systemworkbench/plugins/fr.ac6.mcu.externaltools.arm-none.win32_1.17.0.201812190825/tools/compiler/bin/../lib/gcc/arm-none-eabi/7.3.1/thumb/v7e-m/fpv4-sp/hard\libgcc.a
LOAD c:/ac6/systemworkbench/plugins/fr.ac6.mcu.externaltools.arm-none.win32_1.17.0.201812190825/tools/compiler/bin/../lib/gcc/arm-none-eabi/7.3.1/../../../../arm-none-eabi/lib/thumb/v7e-m/fpv4-sp/hard\libc_nano.a
LOAD c:/ac6/systemworkbench/plugins/fr.ac6.mcu.externaltools.arm-none.win32_1.17.0.201812190825/tools/compiler/bin/../lib/gcc/arm-none-eabi/7.3.1/../../../../arm-none-eabi/lib/thumb/v7e-m/fpv4-sp/hard\libnosys.a
END GROUP
LOAD c:/ac6/systemworkbench/plugins/fr.ac6.mcu.externaltools.arm-none.win32_1.17.0.201812190825/tools/compiler/bin/../lib/gcc/arm-none-eabi/7.3.1/thumb/v7e-m/fpv4-sp/hard/crtend.o
LOAD c:/ac6/systemworkbench/plugins/fr.ac6.mcu.externaltools.arm-none.win32_1.17.0.201812190825/tools/compiler/bin/../lib/gcc/arm-none-eabi/7.3.1/thumb/v7e-m/fpv4-sp/hard/crtn.o
                0x20018000                _estack = 0x20018000
                0x00000200                _Min_Heap_Size = 0x200
                0x00000400                _Min_Stack_Size = 0x400

.isr_vector     0x08000000      0x188
                0x08000000                . = ALIGN (0x8)
 *(.isr_vector)
 .isr_vector    0x08000000      0x188 startup/startup_stm32l476xx.o
                0x08000000                g_pfnVectors
                0x08000188                . = ALIGN (0x8)

.text           0x08000188     0x34a0
                0x08000188                . = ALIGN (0x8)
 *(.text)
 .text          0x08000188       0x40 c:/ac6/systemworkbench/plugins/fr.ac6.mcu.externaltools.arm-none.win32_1.17.0.201812190825/tools/compiler/bin/../lib/gcc/arm-none-eabi/7.3.1/thumb/v7e-m/fpv4-sp/hard/crtbegin.o
 .text          0x080001c8       0x30 c:/ac6/systemworkbench/plugins/fr.ac6.mcu.externaltools.arm-none.win32_1.17.0.201812190825/tools/compiler/bin/../lib/gcc/arm-none-eabi/7.3.1/thumb/v7e-m/fpv4-sp/hard\libgcc.a(_aeabi_uldivmod.o)
                0x080001c8                __aeabi_uldivmod
 .text          0x080001f8      0x2cc c:/ac6/systemworkbench/plugins/fr.ac6.mcu.externaltools.arm-none.win32_1.17.0.201812190825/tools/compiler/bin/../lib/gcc/arm-none-eabi/7.3.1/thumb/v7e-m/fpv4-sp/hard\libgcc.a(_udivmoddi4.o)
                0x080001f8                __udivmoddi4
 .text          0x080004c4        0x4 c:/ac6/systemworkbench/plugins/fr.ac6.mcu.externaltools.arm-none.win32_1.17.0.201812190825/tools/compiler/bin/../lib/gcc/arm-none-eabi/7.3.1/thumb/v7e-m/fpv4-sp/hard\libgcc.a(_dvmd_tls.o)
                0x080004c4                __aeabi_idiv0
                0x080004c4                __aeabi_ldiv0
 .text          0x080004c8       0x10 c:/ac6/systemworkbench/plugins/fr.ac6.mcu.externaltools.arm-none.win32_1.17.0.201812190825/tools/compiler/bin/../lib/gcc/arm-none-eabi/7.3.1/../../../../arm-none-eabi/lib/thumb/v7e-m/fpv4-sp/hard\libc_nano.a(lib_a-strlen.o)
                0x080004c8                strlen
 *(.text*)
 .text.MX_GPIO_Init
                0x080004d8       0xa0 Core/Src/main.o
 .text.MX_DMA_Init
                0x08000578       0x44 Core/Src/main.o
 .text.UART_print
                0x080005bc       0x1c Core/Src/main.o
                0x080005bc                UART_print
 .text.game_init
                0x080005d8       0x34 Core/Src/main.o
                0x080005d8                game_init
 .text.show_main_menu
                0x0800060c       0x68 Core/Src/main.o
                0x0800060c                show_main_menu
 .text.show_char_select
                0x08000674       0x40 Core/Src/main.o
                0x08000674                show_char_select
 .text.show_diff_select
                0x080006b4       0x2c Core/Src/main.o
                0x080006b4                show_diff_select
 .text.show_explore
                0x080006e0       0x88 Core/Src/main.o
                0x080006e0                show_explore
 .text.show_inventory
                0x08000768       0x80 Core/Src/main.o
                0x08000768                show_inventory
 .text.search_wreckage
                0x080007e8       0xb8 Core/Src/main.o
                0x080007e8                search_wreckage
 .text.show_survivor_list
                0x080008a0       0x40 Core/Src/main.o
                0x080008a0                show_survivor_list
 .text.show_dialogue
                0x080008e0      0x128 Core/Src/main.o
                0x080008e0                show_dialogue
 .text.show_map
                0x08000a08      0x1b4 Core/Src/main.o
                0x08000a08                show_map
 .text.show_travel_menu
                0x08000bbc       0x84 Core/Src/main.o
                0x08000bbc                show_travel_menu
 .text.show_jungle
                0x08000c40       0x80 Core/Src/main.o
                0x08000c40                show_jungle
 .text.search_jungle
                0x08000cc0       0x88 Core/Src/main.o
                0x08000cc0                search_jungle
 .text.hunt_jungle
                0x08000d48       0x4c Core/Src/main.o
                0x08000d48                hunt_jungle
 .text.show_current_location
                0x08000d94       0x30 Core/Src/main.o
                0x08000d94                show_current_location
 .text.HAL_UART_RxCpltCallback
                0x08000dc4       0x20 Core/Src/main.o
                0x08000dc4                HAL_UART_RxCpltCallback
 .text.Error_Handler
                0x08000de4        0x4 Core/Src/main.o
                0x08000de4                Error_Handler
 .text.MX_USART2_UART_Init
                0x08000de8       0x38 Core/Src/main.o
 .text.SystemClock_Config
                0x08000e20       0x7a Core/Src/main.o
                0x08000e20                SystemClock_Config
 *fill*         0x08000e9a        0x2 
 .text.main     0x08000e9c      0x23c Core/Src/main.o
                0x08000e9c                main
 .text.HAL_MspInit
                0x080010d8       0x30 Core/Src/stm32l4xx_hal_msp.o
                0x080010d8                HAL_MspInit
 .text.HAL_UART_MspInit
                0x08001108      0x104 Core/Src/stm32l4xx_hal_msp.o
                0x08001108                HAL_UART_MspInit
 .text.NMI_Handler
                0x0800120c        0x2 Core/Src/stm32l4xx_it.o
                0x0800120c                NMI_Handler
 .text.HardFault_Handler
                0x0800120e        0x2 Core/Src/stm32l4xx_it.o
                0x0800120e                HardFault_Handler
 .text.MemManage_Handler
                0x08001210        0x2 Core/Src/stm32l4xx_it.o
                0x08001210                MemManage_Handler
 .text.BusFault_Handler
                0x08001212        0x2 Core/Src/stm32l4xx_it.o
                0x08001212                BusFault_Handler
 .text.UsageFault_Handler
                0x08001214        0x2 Core/Src/stm32l4xx_it.o
                0x08001214                UsageFault_Handler
 .text.SVC_Handler
                0x08001216        0x2 Core/Src/stm32l4xx_it.o
                0x08001216                SVC_Handler
 .text.DebugMon_Handler
                0x08001218        0x2 Core/Src/stm32l4xx_it.o
                0x08001218                DebugMon_Handler
 .text.PendSV_Handler
                0x0800121a        0x2 Core/Src/stm32l4xx_it.o
                0x0800121a                PendSV_Handler
 .text.SysTick_Handler
                0x0800121c        0x8 Core/Src/stm32l4xx_it.o
                0x0800121c                SysTick_Handler
 .text.DMA1_Channel6_IRQHandler
                0x08001224       0x10 Core/Src/stm32l4xx_it.o
                0x08001224                DMA1_Channel6_IRQHandler
 .text.DMA1_Channel7_IRQHandler
                0x08001234       0x10 Core/Src/stm32l4xx_it.o
                0x08001234                DMA1_Channel7_IRQHandler
 .text.USART2_IRQHandler
                0x08001244       0x10 Core/Src/stm32l4xx_it.o
                0x08001244                USART2_IRQHandler
 .text.SystemInit
                0x08001254       0x14 Core/Src/system_stm32l4xx.o
                0x08001254                SystemInit
 .text.HAL_InitTick
                0x08001268       0x4c Drivers/STM32L4xx_HAL_Driver/Src/stm32l4xx_hal.o
                0x08001268                HAL_InitTick
 .text.HAL_Init
                0x080012b4       0x2c Drivers/STM32L4xx_HAL_Driver/Src/stm32l4xx_hal.o
                0x080012b4                HAL_Init
 .text.HAL_IncTick
                0x080012e0       0x18 Drivers/STM32L4xx_HAL_Driver/Src/stm32l4xx_hal.o
                0x080012e0                HAL_IncTick
 .text.HAL_GetTick
                0x080012f8        0xc Drivers/STM32L4xx_HAL_Driver/Src/stm32l4xx_hal.o
                0x080012f8                HAL_GetTick
 .text.HAL_NVIC_SetPriorityGrouping
                0x08001304       0x24 Drivers/STM32L4xx_HAL_Driver/Src/stm32l4xx_hal_cortex.o
                0x08001304                HAL_NVIC_SetPriorityGrouping
 .text.HAL_NVIC_SetPriority
                0x08001328       0x68 Drivers/STM32L4xx_HAL_Driver/Src/stm32l4xx_hal_cortex.o
                0x08001328                HAL_NVIC_SetPriority
 .text.HAL_NVIC_EnableIRQ
                0x08001390       0x1c Drivers/STM32L4xx_HAL_Driver/Src/stm32l4xx_hal_cortex.o
                0x08001390                HAL_NVIC_EnableIRQ
 .text.HAL_SYSTICK_Config
                0x080013ac       0x2c Drivers/STM32L4xx_HAL_Driver/Src/stm32l4xx_hal_cortex.o
                0x080013ac                HAL_SYSTICK_Config
 .text.HAL_DMA_Init
                0x080013d8       0xf8 Drivers/STM32L4xx_HAL_Driver/Src/stm32l4xx_hal_dma.o
                0x080013d8                HAL_DMA_Init
 .text.HAL_DMA_Abort
                0x080014d0       0x4a Drivers/STM32L4xx_HAL_Driver/Src/stm32l4xx_hal_dma.o
                0x080014d0                HAL_DMA_Abort
 .text.HAL_DMA_Abort_IT
                0x0800151a       0x50 Drivers/STM32L4xx_HAL_Driver/Src/stm32l4xx_hal_dma.o
                0x0800151a                HAL_DMA_Abort_IT
 .text.HAL_DMA_IRQHandler
                0x0800156a       0xc4 Drivers/STM32L4xx_HAL_Driver/Src/stm32l4xx_hal_dma.o
                0x0800156a                HAL_DMA_IRQHandler
 *fill*         0x0800162e        0x2 
 .text.HAL_GPIO_Init
                0x08001630      0x1d4 Drivers/STM32L4xx_HAL_Driver/Src/stm32l4xx_hal_gpio.o
                0x08001630                HAL_GPIO_Init
 .text.HAL_GPIO_WritePin
                0x08001804        0xa Drivers/STM32L4xx_HAL_Driver/Src/stm32l4xx_hal_gpio.o
                0x08001804                HAL_GPIO_WritePin
 *fill*         0x0800180e        0x2 
 .text.HAL_PWREx_GetVoltageRange
                0x08001810       0x10 Drivers/STM32L4xx_HAL_Driver/Src/stm32l4xx_hal_pwr_ex.o
                0x08001810                HAL_PWREx_GetVoltageRange
 .text.HAL_PWREx_ControlVoltageScaling
                0x08001820       0x90 Drivers/STM32L4xx_HAL_Driver/Src/stm32l4xx_hal_pwr_ex.o
                0x08001820                HAL_PWREx_ControlVoltageScaling
 .text.RCC_SetFlashLatencyFromMSIRange
                0x080018b0       0x90 Drivers/STM32L4xx_HAL_Driver/Src/stm32l4xx_hal_rcc.o
 .text.HAL_RCC_GetSysClockFreq
                0x08001940       0xb4 Drivers/STM32L4xx_HAL_Driver/Src/stm32l4xx_hal_rcc.o
                0x08001940                HAL_RCC_GetSysClockFreq
 .text.HAL_RCC_OscConfig
                0x080019f4      0x624 Drivers/STM32L4xx_HAL_Driver/Src/stm32l4xx_hal_rcc.o
                0x080019f4                HAL_RCC_OscConfig
 .text.HAL_RCC_ClockConfig
                0x08002018      0x188 Drivers/STM32L4xx_HAL_Driver/Src/stm32l4xx_hal_rcc.o
                0x08002018                HAL_RCC_ClockConfig
 .text.HAL_RCC_GetHCLKFreq
                0x080021a0        0xc Drivers/STM32L4xx_HAL_Driver/Src/stm32l4xx_hal_rcc.o
                0x080021a0                HAL_RCC_GetHCLKFreq
 .text.HAL_RCC_GetPCLK1Freq
                0x080021ac       0x24 Drivers/STM32L4xx_HAL_Driver/Src/stm32l4xx_hal_rcc.o
                0x080021ac                HAL_RCC_GetPCLK1Freq
 .text.HAL_RCC_GetPCLK2Freq
                0x080021d0       0x24 Drivers/STM32L4xx_HAL_Driver/Src/stm32l4xx_hal_rcc.o
                0x080021d0                HAL_RCC_GetPCLK2Freq
 .text.RCCEx_PLLSAI1_Config
                0x080021f4      0x170 Drivers/STM32L4xx_HAL_Driver/Src/stm32l4xx_hal_rcc_ex.o
 .text.RCCEx_PLLSAI2_Config
                0x08002364      0x14c Drivers/STM32L4xx_HAL_Driver/Src/stm32l4xx_hal_rcc_ex.o
 .text.HAL_RCCEx_PeriphCLKConfig
                0x080024b0      0x450 Drivers/STM32L4xx_HAL_Driver/Src/stm32l4xx_hal_rcc_ex.o
                0x080024b0                HAL_RCCEx_PeriphCLKConfig
 .text.UART_EndRxTransfer
                0x08002900       0x50 Drivers/STM32L4xx_HAL_Driver/Src/stm32l4xx_hal_uart.o
 .text.HAL_UART_TxCpltCallback
                0x08002950        0x2 Drivers/STM32L4xx_HAL_Driver/Src/stm32l4xx_hal_uart.o
                0x08002950                HAL_UART_TxCpltCallback
 .text.UART_EndTransmit_IT
                0x08002952       0x22 Drivers/STM32L4xx_HAL_Driver/Src/stm32l4xx_hal_uart.o
 .text.HAL_UART_ErrorCallback
                0x08002974        0x2 Drivers/STM32L4xx_HAL_Driver/Src/stm32l4xx_hal_uart.o
                0x08002974                HAL_UART_ErrorCallback
 .text.UART_DMAAbortOnError
                0x08002976       0x14 Drivers/STM32L4xx_HAL_Driver/Src/stm32l4xx_hal_uart.o
 .text.HAL_UARTEx_RxEventCallback
                0x0800298a        0x2 Drivers/STM32L4xx_HAL_Driver/Src/stm32l4xx_hal_uart.o
                0x0800298a                HAL_UARTEx_RxEventCallback
 .text.HAL_UART_IRQHandler
                0x0800298c      0x2e0 Drivers/STM32L4xx_HAL_Driver/Src/stm32l4xx_hal_uart.o
                0x0800298c                HAL_UART_IRQHandler
 .text.UART_RxISR_8BIT
                0x08002c6c       0xac Drivers/STM32L4xx_HAL_Driver/Src/stm32l4xx_hal_uart.o
 .text.UART_RxISR_16BIT
                0x08002d18       0xaa Drivers/STM32L4xx_HAL_Driver/Src/stm32l4xx_hal_uart.o
 *fill*         0x08002dc2        0x2 
 .text.UART_SetConfig
                0x08002dc4      0x324 Drivers/STM32L4xx_HAL_Driver/Src/stm32l4xx_hal_uart.o
                0x08002dc4                UART_SetConfig
 .text.UART_AdvFeatureConfig
                0x080030e8       0xca Drivers/STM32L4xx_HAL_Driver/Src/stm32l4xx_hal_uart.o
                0x080030e8                UART_AdvFeatureConfig
 .text.UART_WaitOnFlagUntilTimeout
                0x080031b2       0xca Drivers/STM32L4xx_HAL_Driver/Src/stm32l4xx_hal_uart.o
                0x080031b2                UART_WaitOnFlagUntilTimeout
 .text.HAL_UART_Transmit
                0x0800327c       0xda Drivers/STM32L4xx_HAL_Driver/Src/stm32l4xx_hal_uart.o
                0x0800327c                HAL_UART_Transmit
 .text.UART_CheckIdleState
                0x08003356       0x70 Drivers/STM32L4xx_HAL_Driver/Src/stm32l4xx_hal_uart.o
                0x08003356                UART_CheckIdleState
 .text.HAL_UART_Init
                0x080033c6       0x62 Drivers/STM32L4xx_HAL_Driver/Src/stm32l4xx_hal_uart.o
                0x080033c6                HAL_UART_Init
 .text.UART_Start_Receive_IT
                0x08003428       0xd8 Drivers/STM32L4xx_HAL_Driver/Src/stm32l4xx_hal_uart.o
                0x08003428                UART_Start_Receive_IT
 .text.HAL_UART_Receive_IT
                0x08003500       0x5c Drivers/STM32L4xx_HAL_Driver/Src/stm32l4xx_hal_uart.o
                0x08003500                HAL_UART_Receive_IT
 .text.HAL_UARTEx_WakeupCallback
                0x0800355c        0x2 Drivers/STM32L4xx_HAL_Driver/Src/stm32l4xx_hal_uart_ex.o
                0x0800355c                HAL_UARTEx_WakeupCallback
 *fill*         0x0800355e        0x2 
 .text.Reset_Handler
                0x08003560       0x50 startup/startup_stm32l476xx.o
                0x08003560                Reset_Handler
 .text.Default_Handler
                0x080035b0        0x2 startup/startup_stm32l476xx.o
                0x080035b0                RTC_Alarm_IRQHandler
                0x080035b0                EXTI2_IRQHandler
                0x080035b0                TIM8_TRG_COM_IRQHandler
                0x080035b0                TIM8_CC_IRQHandler
                0x080035b0                TIM1_CC_IRQHandler
                0x080035b0                TSC_IRQHandler
                0x080035b0                TAMP_STAMP_IRQHandler
                0x080035b0                EXTI3_IRQHandler
                0x080035b0                LPTIM2_IRQHandler
                0x080035b0                DFSDM1_FLT1_IRQHandler
                0x080035b0                I2C3_ER_IRQHandler
                0x080035b0                DFSDM1_FLT2_IRQHandler
                0x080035b0                EXTI0_IRQHandler
                0x080035b0                I2C2_EV_IRQHandler
                0x080035b0                CAN1_RX0_IRQHandler
                0x080035b0                FPU_IRQHandler
                0x080035b0                TIM1_UP_TIM16_IRQHandler
                0x080035b0                ADC1_2_IRQHandler
                0x080035b0                SPI1_IRQHandler
                0x080035b0                TIM6_DAC_IRQHandler
                0x080035b0                TIM8_UP_IRQHandler
                0x080035b0                DMA2_Channel2_IRQHandler
                0x080035b0                DMA1_Channel4_IRQHandler
                0x080035b0                SAI2_IRQHandler
                0x080035b0                DFSDM1_FLT3_IRQHandler
                0x080035b0                USART3_IRQHandler
                0x080035b0                CAN1_RX1_IRQHandler
                0x080035b0                LCD_IRQHandler
                0x080035b0                UART5_IRQHandler
                0x080035b0                ADC3_IRQHandler
                0x080035b0                TIM4_IRQHandler
                0x080035b0                DMA2_Channel1_IRQHandler
                0x080035b0                QUADSPI_IRQHandler
                0x080035b0                I2C1_EV_IRQHandler
                0x080035b0                UART4_IRQHandler
                0x080035b0                DMA2_Channel4_IRQHandler
                0x080035b0                TIM3_IRQHandler
                0x080035b0                RCC_IRQHandler
                0x080035b0                DMA1_Channel1_IRQHandler
                0x080035b0                Default_Handler
                0x080035b0                DMA2_Channel7_IRQHandler
                0x080035b0                EXTI15_10_IRQHandler
                0x080035b0                TIM7_IRQHandler
                0x080035b0                SDMMC1_IRQHandler
                0x080035b0                TIM5_IRQHandler
                0x080035b0                I2C3_EV_IRQHandler
                0x080035b0                EXTI9_5_IRQHandler
                0x080035b0                RTC_WKUP_IRQHandler
                0x080035b0                PVD_PVM_IRQHandler
                0x080035b0                SPI2_IRQHandler
                0x080035b0                CAN1_TX_IRQHandler
                0x080035b0                DMA2_Channel5_IRQHandler
                0x080035b0                DMA1_Channel5_IRQHandler
                0x080035b0                EXTI4_IRQHandler
                0x080035b0                RNG_IRQHandler
                0x080035b0                TIM1_TRG_COM_TIM17_IRQHandler
                0x080035b0                DMA1_Channel3_IRQHandler
                0x080035b0                COMP_IRQHandler
                0x080035b0                WWDG_IRQHandler
                0x080035b0                LPUART1_IRQHandler
                0x080035b0                DMA2_Channel6_IRQHandler
                0x080035b0                TIM2_IRQHandler
                0x080035b0                EXTI1_IRQHandler
                0x080035b0                DFSDM1_FLT0_IRQHandler
                0x080035b0                I2C2_ER_IRQHandler
                0x080035b0                DMA1_Channel2_IRQHandler
                0x080035b0                TIM8_BRK_IRQHandler
                0x080035b0                CAN1_SCE_IRQHandler
                0x080035b0                FLASH_IRQHandler
                0x080035b0                USART1_IRQHandler
                0x080035b0                OTG_FS_IRQHandler
                0x080035b0                SPI3_IRQHandler
                0x080035b0                I2C1_ER_IRQHandler
                0x080035b0                FMC_IRQHandler
                0x080035b0                SWPMI1_IRQHandler
                0x080035b0                LPTIM1_IRQHandler
                0x080035b0                SAI1_IRQHandler
                0x080035b0                DMA2_Channel3_IRQHandler
                0x080035b0                TIM1_BRK_TIM15_IRQHandler
 *fill*         0x080035b2        0x2 
 .text.__libc_init_array
                0x080035b4       0x48 c:/ac6/systemworkbench/plugins/fr.ac6.mcu.externaltools.arm-none.win32_1.17.0.201812190825/tools/compiler/bin/../lib/gcc/arm-none-eabi/7.3.1/../../../../arm-none-eabi/lib/thumb/v7e-m/fpv4-sp/hard\libc_nano.a(lib_a-init.o)
                0x080035b4                __libc_init_array
 .text.memset   0x080035fc       0x10 c:/ac6/systemworkbench/plugins/fr.ac6.mcu.externaltools.arm-none.win32_1.17.0.201812190825/tools/compiler/bin/../lib/gcc/arm-none-eabi/7.3.1/../../../../arm-none-eabi/lib/thumb/v7e-m/fpv4-sp/hard\libc_nano.a(lib_a-memset.o)
                0x080035fc                memset
 *(.glue_7)
 .glue_7        0x0800360c        0x0 linker stubs
 *(.glue_7t)
 .glue_7t       0x0800360c        0x0 linker stubs
 *(.eh_frame)
 .eh_frame      0x0800360c        0x0 c:/ac6/systemworkbench/plugins/fr.ac6.mcu.externaltools.arm-none.win32_1.17.0.201812190825/tools/compiler/bin/../lib/gcc/arm-none-eabi/7.3.1/thumb/v7e-m/fpv4-sp/hard/crtbegin.o
 *(.init)
 .init          0x0800360c        0x4 c:/ac6/systemworkbench/plugins/fr.ac6.mcu.externaltools.arm-none.win32_1.17.0.201812190825/tools/compiler/bin/../lib/gcc/arm-none-eabi/7.3.1/thumb/v7e-m/fpv4-sp/hard/crti.o
                0x0800360c                _init
 .init          0x08003610        0x8 c:/ac6/systemworkbench/plugins/fr.ac6.mcu.externaltools.arm-none.win32_1.17.0.201812190825/tools/compiler/bin/../lib/gcc/arm-none-eabi/7.3.1/thumb/v7e-m/fpv4-sp/hard/crtn.o
 *(.fini)
 .fini          0x08003618        0x4 c:/ac6/systemworkbench/plugins/fr.ac6.mcu.externaltools.arm-none.win32_1.17.0.201812190825/tools/compiler/bin/../lib/gcc/arm-none-eabi/7.3.1/thumb/v7e-m/fpv4-sp/hard/crti.o
                0x08003618                _fini
 .fini          0x0800361c        0x8 c:/ac6/systemworkbench/plugins/fr.ac6.mcu.externaltools.arm-none.win32_1.17.0.201812190825/tools/compiler/bin/../lib/gcc/arm-none-eabi/7.3.1/thumb/v7e-m/fpv4-sp/hard/crtn.o
                0x08003628                . = ALIGN (0x8)
 *fill*         0x08003624        0x4 
                0x08003628                _etext = .

.vfp11_veneer   0x08003628        0x0
 .vfp11_veneer  0x08003628        0x0 linker stubs

.v4_bx          0x08003628        0x0
 .v4_bx         0x08003628        0x0 linker stubs

.iplt           0x08003628        0x0
 .iplt          0x08003628        0x0 c:/ac6/systemworkbench/plugins/fr.ac6.mcu.externaltools.arm-none.win32_1.17.0.201812190825/tools/compiler/bin/../lib/gcc/arm-none-eabi/7.3.1/thumb/v7e-m/fpv4-sp/hard/crtbegin.o

.rodata         0x08003628      0xe68
                0x08003628                . = ALIGN (0x8)
 *(.rodata)
 .rodata        0x08003628       0x4c Core/Src/main.o
 .rodata        0x08003674       0x48 Core/Src/system_stm32l4xx.o
                0x08003674                MSIRangeTable
                0x080036a4                AHBPrescTable
                0x080036b4                APBPrescTable
 *(.rodata*)
 .rodata.str1.4
                0x080036bc      0xdd0 Core/Src/main.o
                                0xdd4 (size before relaxing)
                0x08004490                . = ALIGN (0x8)
 *fill*         0x0800448c        0x4 

.ARM.extab      0x08004490        0x0
                0x08004490                . = ALIGN (0x8)
 *(.ARM.extab* .gnu.linkonce.armextab.*)
                0x08004490                . = ALIGN (0x8)

.ARM            0x08004490        0x8
                0x08004490                . = ALIGN (0x8)
                0x08004490                __exidx_start = .
 *(.ARM.exidx*)
 .ARM.exidx     0x08004490        0x8 c:/ac6/systemworkbench/plugins/fr.ac6.mcu.externaltools.arm-none.win32_1.17.0.201812190825/tools/compiler/bin/../lib/gcc/arm-none-eabi/7.3.1/thumb/v7e-m/fpv4-sp/hard\libgcc.a(_udivmoddi4.o)
                0x08004498                __exidx_end = .
                0x08004498                . = ALIGN (0x8)

.rel.dyn        0x08004498        0x0
 .rel.iplt      0x08004498        0x0 c:/ac6/systemworkbench/plugins/fr.ac6.mcu.externaltools.arm-none.win32_1.17.0.201812190825/tools/compiler/bin/../lib/gcc/arm-none-eabi/7.3.1/thumb/v7e-m/fpv4-sp/hard/crtbegin.o

.preinit_array  0x08004498        0x0
                0x08004498                . = ALIGN (0x8)
                0x08004498                PROVIDE (__preinit_array_start = .)
 *(.preinit_array*)
                0x08004498                PROVIDE (__preinit_array_end = .)
                0x08004498                . = ALIGN (0x8)

.init_array     0x08004498        0x8
                0x08004498                . = ALIGN (0x8)
                0x08004498                PROVIDE (__init_array_start = .)
 *(SORT_BY_NAME(.init_array.*))
 *(.init_array*)
 .init_array    0x08004498        0x4 c:/ac6/systemworkbench/plugins/fr.ac6.mcu.externaltools.arm-none.win32_1.17.0.201812190825/tools/compiler/bin/../lib/gcc/arm-none-eabi/7.3.1/thumb/v7e-m/fpv4-sp/hard/crtbegin.o
                0x0800449c                PROVIDE (__init_array_end = .)
                0x080044a0                . = ALIGN (0x8)
 *fill*         0x0800449c        0x4 

.fini_array     0x080044a0        0x8
                0x080044a0                . = ALIGN (0x8)
                [!provide]                PROVIDE (__fini_array_start = .)
 *(SORT_BY_NAME(.fini_array.*))
 *(.fini_array*)
 .fini_array    0x080044a0        0x4 c:/ac6/systemworkbench/plugins/fr.ac6.mcu.externaltools.arm-none.win32_1.17.0.201812190825/tools/compiler/bin/../lib/gcc/arm-none-eabi/7.3.1/thumb/v7e-m/fpv4-sp/hard/crtbegin.o
                [!provide]                PROVIDE (__fini_array_end = .)
                0x080044a8                . = ALIGN (0x8)
 *fill*         0x080044a4        0x4 
                0x080044a8                _sidata = LOADADDR (.data)

.data           0x20000000       0x10 load address 0x080044a8
                0x20000000                . = ALIGN (0x8)
                0x20000000                _sdata = .
 *(.data)
 .data          0x20000000        0x4 Core/Src/system_stm32l4xx.o
                0x20000000                SystemCoreClock
 .data          0x20000004        0x8 Drivers/STM32L4xx_HAL_Driver/Src/stm32l4xx_hal.o
                0x20000004                uwTickFreq
                0x20000008                uwTickPrio
 *(.data*)
                0x20000010                . = ALIGN (0x8)
 *fill*         0x2000000c        0x4 
                0x20000010                _edata = .

.igot.plt       0x20000010        0x0 load address 0x080044b8
 .igot.plt      0x20000010        0x0 c:/ac6/systemworkbench/plugins/fr.ac6.mcu.externaltools.arm-none.win32_1.17.0.201812190825/tools/compiler/bin/../lib/gcc/arm-none-eabi/7.3.1/thumb/v7e-m/fpv4-sp/hard/crtbegin.o
                0x20000010                . = ALIGN (0x4)

.bss            0x20000010      0x154 load address 0x080044b8
                0x20000010                _sbss = .
                0x20000010                __bss_start__ = _sbss
 *(.bss)
 .bss           0x20000010       0x1c c:/ac6/systemworkbench/plugins/fr.ac6.mcu.externaltools.arm-none.win32_1.17.0.201812190825/tools/compiler/bin/../lib/gcc/arm-none-eabi/7.3.1/thumb/v7e-m/fpv4-sp/hard/crtbegin.o
 .bss           0x2000002c        0x1 Core/Src/main.o
                0x2000002c                dataAvail
 *(.bss*)
 *(COMMON)
 *fill*         0x2000002d        0x3 
 COMMON         0x20000030      0x130 Core/Src/main.o
                0x20000030                hdma_usart2_rx
                0x20000078                rx_buff
                0x2000007c                gs
                0x20000094                hdma_usart2_tx
                0x200000dc                huart2
 COMMON         0x20000160        0x4 Drivers/STM32L4xx_HAL_Driver/Src/stm32l4xx_hal.o
                0x20000160                uwTick
                0x20000164                . = ALIGN (0x4)
                0x20000164                _ebss = .
                0x20000164                __bss_end__ = _ebss

._user_heap_stack
                0x20000164      0x604 load address 0x080044b8
                0x20000168                . = ALIGN (0x8)
 *fill*         0x20000164        0x4 
                0x20000168                PROVIDE (end = .)
                [!provide]                PROVIDE (_end = .)
                0x20000368                . = (. + _Min_Heap_Size)
 *fill*         0x20000168      0x200 
                0x20000768                . = (. + _Min_Stack_Size)
 *fill*         0x20000368      0x400 
                0x20000768                . = ALIGN (0x8)

/DISCARD/
 libc.a(*)
 libm.a(*)
 libgcc.a(*)

.ARM.attributes
                0x00000000       0x30
 *(.ARM.attributes)
 .ARM.attributes
                0x00000000       0x22 c:/ac6/systemworkbench/plugins/fr.ac6.mcu.externaltools.arm-none.win32_1.17.0.201812190825/tools/compiler/bin/../lib/gcc/arm-none-eabi/7.3.1/thumb/v7e-m/fpv4-sp/hard/crti.o
 .ARM.attributes
                0x00000022       0x34 c:/ac6/systemworkbench/plugins/fr.ac6.mcu.externaltools.arm-none.win32_1.17.0.201812190825/tools/compiler/bin/../lib/gcc/arm-none-eabi/7.3.1/thumb/v7e-m/fpv4-sp/hard/crtbegin.o
 .ARM.attributes
                0x00000056       0x39 Core/Src/main.o
 .ARM.attributes
                0x0000008f       0x39 Core/Src/stm32l4xx_hal_msp.o
 .ARM.attributes
                0x000000c8       0x39 Core/Src/stm32l4xx_it.o
 .ARM.attributes
                0x00000101       0x39 Core/Src/system_stm32l4xx.o
 .ARM.attributes
                0x0000013a       0x39 Drivers/STM32L4xx_HAL_Driver/Src/stm32l4xx_hal.o
 .ARM.attributes
                0x00000173       0x39 Drivers/STM32L4xx_HAL_Driver/Src/stm32l4xx_hal_cortex.o
 .ARM.attributes
                0x000001ac       0x39 Drivers/STM32L4xx_HAL_Driver/Src/stm32l4xx_hal_dma.o
 .ARM.attributes
                0x000001e5       0x39 Drivers/STM32L4xx_HAL_Driver/Src/stm32l4xx_hal_gpio.o
 .ARM.attributes
                0x0000021e       0x39 Drivers/STM32L4xx_HAL_Driver/Src/stm32l4xx_hal_pwr_ex.o
 .ARM.attributes
                0x00000257       0x39 Drivers/STM32L4xx_HAL_Driver/Src/stm32l4xx_hal_rcc.o
 .ARM.attributes
                0x00000290       0x39 Drivers/STM32L4xx_HAL_Driver/Src/stm32l4xx_hal_rcc_ex.o
 .ARM.attributes
                0x000002c9       0x39 Drivers/STM32L4xx_HAL_Driver/Src/stm32l4xx_hal_uart.o
 .ARM.attributes
                0x00000302       0x39 Drivers/STM32L4xx_HAL_Driver/Src/stm32l4xx_hal_uart_ex.o
 .ARM.attributes
                0x0000033b       0x21 startup/startup_stm32l476xx.o
 .ARM.attributes
                0x0000035c       0x22 c:/ac6/systemworkbench/plugins/fr.ac6.mcu.externaltools.arm-none.win32_1.17.0.201812190825/tools/compiler/bin/../lib/gcc/arm-none-eabi/7.3.1/thumb/v7e-m/fpv4-sp/hard\libgcc.a(_aeabi_uldivmod.o)
 .ARM.attributes
                0x0000037e       0x34 c:/ac6/systemworkbench/plugins/fr.ac6.mcu.externaltools.arm-none.win32_1.17.0.201812190825/tools/compiler/bin/../lib/gcc/arm-none-eabi/7.3.1/thumb/v7e-m/fpv4-sp/hard\libgcc.a(_udivmoddi4.o)
 .ARM.attributes
                0x000003b2       0x22 c:/ac6/systemworkbench/plugins/fr.ac6.mcu.externaltools.arm-none.win32_1.17.0.201812190825/tools/compiler/bin/../lib/gcc/arm-none-eabi/7.3.1/thumb/v7e-m/fpv4-sp/hard\libgcc.a(_dvmd_tls.o)
 .ARM.attributes
                0x000003d4       0x34 c:/ac6/systemworkbench/plugins/fr.ac6.mcu.externaltools.arm-none.win32_1.17.0.201812190825/tools/compiler/bin/../lib/gcc/arm-none-eabi/7.3.1/../../../../arm-none-eabi/lib/thumb/v7e-m/fpv4-sp/hard\libc_nano.a(lib_a-init.o)
 .ARM.attributes
                0x00000408       0x34 c:/ac6/systemworkbench/plugins/fr.ac6.mcu.externaltools.arm-none.win32_1.17.0.201812190825/tools/compiler/bin/../lib/gcc/arm-none-eabi/7.3.1/../../../../arm-none-eabi/lib/thumb/v7e-m/fpv4-sp/hard\libc_nano.a(lib_a-memset.o)
 .ARM.attributes
                0x0000043c       0x1b c:/ac6/systemworkbench/plugins/fr.ac6.mcu.externaltools.arm-none.win32_1.17.0.201812190825/tools/compiler/bin/../lib/gcc/arm-none-eabi/7.3.1/../../../../arm-none-eabi/lib/thumb/v7e-m/fpv4-sp/hard\libc_nano.a(lib_a-strlen.o)
 .ARM.attributes
                0x00000457       0x22 c:/ac6/systemworkbench/plugins/fr.ac6.mcu.externaltools.arm-none.win32_1.17.0.201812190825/tools/compiler/bin/../lib/gcc/arm-none-eabi/7.3.1/thumb/v7e-m/fpv4-sp/hard/crtn.o
OUTPUT(EscapeTheIsland.elf elf32-littlearm)

.debug_info     0x00000000    0x1044c
 .debug_info    0x00000000     0x2a2b Core/Src/main.o
 .debug_info    0x00002a2b     0x119c Core/Src/stm32l4xx_hal_msp.o
 .debug_info    0x00003bc7      0x92c Core/Src/stm32l4xx_it.o
 .debug_info    0x000044f3      0x70c Core/Src/system_stm32l4xx.o
 .debug_info    0x00004bff      0xdf1 Drivers/STM32L4xx_HAL_Driver/Src/stm32l4xx_hal.o
 .debug_info    0x000059f0     0x10d1 Drivers/STM32L4xx_HAL_Driver/Src/stm32l4xx_hal_cortex.o
 .debug_info    0x00006ac1      0x987 Drivers/STM32L4xx_HAL_Driver/Src/stm32l4xx_hal_dma.o
 .debug_info    0x00007448      0x9c9 Drivers/STM32L4xx_HAL_Driver/Src/stm32l4xx_hal_gpio.o
 .debug_info    0x00007e11      0xbd1 Drivers/STM32L4xx_HAL_Driver/Src/stm32l4xx_hal_pwr_ex.o
 .debug_info    0x000089e2      0xf98 Drivers/STM32L4xx_HAL_Driver/Src/stm32l4xx_hal_rcc.o
 .debug_info    0x0000997a     0x12d4 Drivers/STM32L4xx_HAL_Driver/Src/stm32l4xx_hal_rcc_ex.o
 .debug_info    0x0000ac4e     0x478d Drivers/STM32L4xx_HAL_Driver/Src/stm32l4xx_hal_uart.o
 .debug_info    0x0000f3db     0x104f Drivers/STM32L4xx_HAL_Driver/Src/stm32l4xx_hal_uart_ex.o
 .debug_info    0x0001042a       0x22 startup/startup_stm32l476xx.o

.debug_abbrev   0x00000000     0x1d57
 .debug_abbrev  0x00000000      0x397 Core/Src/main.o
 .debug_abbrev  0x00000397      0x1e1 Core/Src/stm32l4xx_hal_msp.o
 .debug_abbrev  0x00000578      0x167 Core/Src/stm32l4xx_it.o
 .debug_abbrev  0x000006df      0x147 Core/Src/system_stm32l4xx.o
 .debug_abbrev  0x00000826      0x209 Drivers/STM32L4xx_HAL_Driver/Src/stm32l4xx_hal.o
 .debug_abbrev  0x00000a2f      0x328 Drivers/STM32L4xx_HAL_Driver/Src/stm32l4xx_hal_cortex.o
 .debug_abbrev  0x00000d57      0x233 Drivers/STM32L4xx_HAL_Driver/Src/stm32l4xx_hal_dma.o
 .debug_abbrev  0x00000f8a      0x1de Drivers/STM32L4xx_HAL_Driver/Src/stm32l4xx_hal_gpio.o
 .debug_abbrev  0x00001168      0x1f5 Drivers/STM32L4xx_HAL_Driver/Src/stm32l4xx_hal_pwr_ex.o
 .debug_abbrev  0x0000135d      0x21f Drivers/STM32L4xx_HAL_Driver/Src/stm32l4xx_hal_rcc.o
 .debug_abbrev  0x0000157c      0x24c Drivers/STM32L4xx_HAL_Driver/Src/stm32l4xx_hal_rcc_ex.o
 .debug_abbrev  0x000017c8      0x2e6 Drivers/STM32L4xx_HAL_Driver/Src/stm32l4xx_hal_uart.o
 .debug_abbrev  0x00001aae      0x297 Drivers/STM32L4xx_HAL_Driver/Src/stm32l4xx_hal_uart_ex.o
 .debug_abbrev  0x00001d45       0x12 startup/startup_stm32l476xx.o

.debug_loc      0x00000000     0x8296
 .debug_loc     0x00000000      0x47f Core/Src/main.o
 .debug_loc     0x0000047f       0x4a Core/Src/stm32l4xx_hal_msp.o
 .debug_loc     0x000004c9       0xe0 Core/Src/system_stm32l4xx.o
 .debug_loc     0x000005a9      0x20b Drivers/STM32L4xx_HAL_Driver/Src/stm32l4xx_hal.o
 .debug_loc     0x000007b4      0x5ce Drivers/STM32L4xx_HAL_Driver/Src/stm32l4xx_hal_cortex.o
 .debug_loc     0x00000d82      0x7a2 Drivers/STM32L4xx_HAL_Driver/Src/stm32l4xx_hal_dma.o
 .debug_loc     0x00001524      0x2c7 Drivers/STM32L4xx_HAL_Driver/Src/stm32l4xx_hal_gpio.o
 .debug_loc     0x000017eb      0x99a Drivers/STM32L4xx_HAL_Driver/Src/stm32l4xx_hal_pwr_ex.o
 .debug_loc     0x00002185      0x62e Drivers/STM32L4xx_HAL_Driver/Src/stm32l4xx_hal_rcc.o
 .debug_loc     0x000027b3     0x1c32 Drivers/STM32L4xx_HAL_Driver/Src/stm32l4xx_hal_rcc_ex.o
 .debug_loc     0x000043e5     0x364f Drivers/STM32L4xx_HAL_Driver/Src/stm32l4xx_hal_uart.o
 .debug_loc     0x00007a34      0x862 Drivers/STM32L4xx_HAL_Driver/Src/stm32l4xx_hal_uart_ex.o

.debug_aranges  0x00000000      0x9c8
 .debug_aranges
                0x00000000       0xd0 Core/Src/main.o
 .debug_aranges
                0x000000d0       0x30 Core/Src/stm32l4xx_hal_msp.o
 .debug_aranges
                0x00000100       0x78 Core/Src/stm32l4xx_it.o
 .debug_aranges
                0x00000178       0x28 Core/Src/system_stm32l4xx.o
 .debug_aranges
                0x000001a0      0x130 Drivers/STM32L4xx_HAL_Driver/Src/stm32l4xx_hal.o
 .debug_aranges
                0x000002d0       0xa8 Drivers/STM32L4xx_HAL_Driver/Src/stm32l4xx_hal_cortex.o
 .debug_aranges
                0x00000378       0x80 Drivers/STM32L4xx_HAL_Driver/Src/stm32l4xx_hal_dma.o
 .debug_aranges
                0x000003f8       0x58 Drivers/STM32L4xx_HAL_Driver/Src/stm32l4xx_hal_gpio.o
 .debug_aranges
                0x00000450      0x160 Drivers/STM32L4xx_HAL_Driver/Src/stm32l4xx_hal_pwr_ex.o
 .debug_aranges
                0x000005b0       0x90 Drivers/STM32L4xx_HAL_Driver/Src/stm32l4xx_hal_rcc.o
 .debug_aranges
                0x00000640       0xc0 Drivers/STM32L4xx_HAL_Driver/Src/stm32l4xx_hal_rcc_ex.o
 .debug_aranges
                0x00000700      0x228 Drivers/STM32L4xx_HAL_Driver/Src/stm32l4xx_hal_uart.o
 .debug_aranges
                0x00000928       0x78 Drivers/STM32L4xx_HAL_Driver/Src/stm32l4xx_hal_uart_ex.o
 .debug_aranges
                0x000009a0       0x28 startup/startup_stm32l476xx.o

.debug_ranges   0x00000000      0x9d0
 .debug_ranges  0x00000000       0xd8 Core/Src/main.o
 .debug_ranges  0x000000d8       0x20 Core/Src/stm32l4xx_hal_msp.o
 .debug_ranges  0x000000f8       0x68 Core/Src/stm32l4xx_it.o
 .debug_ranges  0x00000160       0x18 Core/Src/system_stm32l4xx.o
 .debug_ranges  0x00000178      0x120 Drivers/STM32L4xx_HAL_Driver/Src/stm32l4xx_hal.o
 .debug_ranges  0x00000298       0xf8 Drivers/STM32L4xx_HAL_Driver/Src/stm32l4xx_hal_cortex.o
 .debug_ranges  0x00000390       0x70 Drivers/STM32L4xx_HAL_Driver/Src/stm32l4xx_hal_dma.o
 .debug_ranges  0x00000400       0x48 Drivers/STM32L4xx_HAL_Driver/Src/stm32l4xx_hal_gpio.o
 .debug_ranges  0x00000448      0x150 Drivers/STM32L4xx_HAL_Driver/Src/stm32l4xx_hal_pwr_ex.o
 .debug_ranges  0x00000598       0x98 Drivers/STM32L4xx_HAL_Driver/Src/stm32l4xx_hal_rcc.o
 .debug_ranges  0x00000630       0xd0 Drivers/STM32L4xx_HAL_Driver/Src/stm32l4xx_hal_rcc_ex.o
 .debug_ranges  0x00000700      0x248 Drivers/STM32L4xx_HAL_Driver/Src/stm32l4xx_hal_uart.o
 .debug_ranges  0x00000948       0x68 Drivers/STM32L4xx_HAL_Driver/Src/stm32l4xx_hal_uart_ex.o
 .debug_ranges  0x000009b0       0x20 startup/startup_stm32l476xx.o

.debug_macro    0x00000000    0x25b47
 .debug_macro   0x00000000      0x2f0 Core/Src/main.o
 .debug_macro   0x000002f0      0xa54 Core/Src/main.o
 .debug_macro   0x00000d44      0x1a7 Core/Src/main.o
 .debug_macro   0x00000eeb       0x2e Core/Src/main.o
 .debug_macro   0x00000f19       0x28 Core/Src/main.o
 .debug_macro   0x00000f41       0x22 Core/Src/main.o
 .debug_macro   0x00000f63       0x8e Core/Src/main.o
 .debug_macro   0x00000ff1       0x51 Core/Src/main.o
 .debug_macro   0x00001042       0xef Core/Src/main.o
 .debug_macro   0x00001131       0x6a Core/Src/main.o
 .debug_macro   0x0000119b      0x1df Core/Src/main.o
 .debug_macro   0x0000137a       0x1c Core/Src/main.o
 .debug_macro   0x00001396       0x22 Core/Src/main.o
 .debug_macro   0x000013b8      0x101 Core/Src/main.o
 .debug_macro   0x000014b9     0x1011 Core/Src/main.o
 .debug_macro   0x000024ca      0x11f Core/Src/main.o
 .debug_macro   0x000025e9    0x1a17a Core/Src/main.o
 .debug_macro   0x0001c763       0x6d Core/Src/main.o
 .debug_macro   0x0001c7d0     0x38e6 Core/Src/main.o
 .debug_macro   0x000200b6      0x174 Core/Src/main.o
 .debug_macro   0x0002022a       0x5c Core/Src/main.o
 .debug_macro   0x00020286     0x159e Core/Src/main.o
 .debug_macro   0x00021824      0x5a5 Core/Src/main.o
 .debug_macro   0x00021dc9      0x1b9 Core/Src/main.o
 .debug_macro   0x00021f82      0x18b Core/Src/main.o
 .debug_macro   0x0002210d      0x26b Core/Src/main.o
 .debug_macro   0x00022378      0x23d Core/Src/main.o
 .debug_macro   0x000225b5      0x241 Core/Src/main.o
 .debug_macro   0x000227f6      0x37c Core/Src/main.o
 .debug_macro   0x00022b72       0xd6 Core/Src/main.o
 .debug_macro   0x00022c48      0x22c Core/Src/main.o
 .debug_macro   0x00022e74       0x61 Core/Src/main.o
 .debug_macro   0x00022ed5       0xa5 Core/Src/main.o
 .debug_macro   0x00022f7a      0x122 Core/Src/main.o
 .debug_macro   0x0002309c      0x3ef Core/Src/main.o
 .debug_macro   0x0002348b      0x5ba Core/Src/main.o
 .debug_macro   0x00023a45       0x44 Core/Src/main.o
 .debug_macro   0x00023a89      0x330 Core/Src/main.o
 .debug_macro   0x00023db9       0x58 Core/Src/main.o
 .debug_macro   0x00023e11       0x5e Core/Src/main.o
 .debug_macro   0x00023e6f       0x18 Core/Src/main.o
 .debug_macro   0x00023e87       0x35 Core/Src/main.o
 .debug_macro   0x00023ebc       0x34 Core/Src/main.o
 .debug_macro   0x00023ef0       0x58 Core/Src/main.o
 .debug_macro   0x00023f48       0x1f Core/Src/main.o
 .debug_macro   0x00023f67       0x43 Core/Src/main.o
 .debug_macro   0x00023faa       0x20 Core/Src/main.o
 .debug_macro   0x00023fca      0x18e Core/Src/main.o
 .debug_macro   0x00024158      0x32a Core/Src/main.o
 .debug_macro   0x00024482       0x10 Core/Src/main.o
 .debug_macro   0x00024492       0x35 Core/Src/main.o
 .debug_macro   0x000244c7      0x1d4 Core/Src/stm32l4xx_hal_msp.o
 .debug_macro   0x0002469b      0x1de Core/Src/stm32l4xx_it.o
 .debug_macro   0x00024879      0x1c5 Core/Src/system_stm32l4xx.o
 .debug_macro   0x00024a3e      0x213 Drivers/STM32L4xx_HAL_Driver/Src/stm32l4xx_hal.o
 .debug_macro   0x00024c51      0x1c5 Drivers/STM32L4xx_HAL_Driver/Src/stm32l4xx_hal_cortex.o
 .debug_macro   0x00024e16      0x1c5 Drivers/STM32L4xx_HAL_Driver/Src/stm32l4xx_hal_dma.o
 .debug_macro   0x00024fdb      0x1cc Drivers/STM32L4xx_HAL_Driver/Src/stm32l4xx_hal_gpio.o
 .debug_macro   0x000251a7      0x1e9 Drivers/STM32L4xx_HAL_Driver/Src/stm32l4xx_hal_pwr_ex.o
 .debug_macro   0x00025390      0x207 Drivers/STM32L4xx_HAL_Driver/Src/stm32l4xx_hal_rcc.o
 .debug_macro   0x00025597      0x1fb Drivers/STM32L4xx_HAL_Driver/Src/stm32l4xx_hal_rcc_ex.o
 .debug_macro   0x00025792      0x1f0 Drivers/STM32L4xx_HAL_Driver/Src/stm32l4xx_hal_uart.o
 .debug_macro   0x00025982      0x1c5 Drivers/STM32L4xx_HAL_Driver/Src/stm32l4xx_hal_uart_ex.o

.debug_line     0x00000000     0x928c
 .debug_line    0x00000000      0xb5d Core/Src/main.o
 .debug_line    0x00000b5d      0x71c Core/Src/stm32l4xx_hal_msp.o
 .debug_line    0x00001279      0x775 Core/Src/stm32l4xx_it.o
 .debug_line    0x000019ee      0x6e1 Core/Src/system_stm32l4xx.o
 .debug_line    0x000020cf      0x952 Drivers/STM32L4xx_HAL_Driver/Src/stm32l4xx_hal.o
 .debug_line    0x00002a21      0x900 Drivers/STM32L4xx_HAL_Driver/Src/stm32l4xx_hal_cortex.o
 .debug_line    0x00003321      0x926 Drivers/STM32L4xx_HAL_Driver/Src/stm32l4xx_hal_dma.o
 .debug_line    0x00003c47      0x823 Drivers/STM32L4xx_HAL_Driver/Src/stm32l4xx_hal_gpio.o
 .debug_line    0x0000446a      0xb48 Drivers/STM32L4xx_HAL_Driver/Src/stm32l4xx_hal_pwr_ex.o
 .debug_line    0x00004fb2      0xa6e Drivers/STM32L4xx_HAL_Driver/Src/stm32l4xx_hal_rcc.o
 .debug_line    0x00005a20      0xccb Drivers/STM32L4xx_HAL_Driver/Src/stm32l4xx_hal_rcc_ex.o
 .debug_line    0x000066eb     0x20e2 Drivers/STM32L4xx_HAL_Driver/Src/stm32l4xx_hal_uart.o
 .debug_line    0x000087cd      0xa3e Drivers/STM32L4xx_HAL_Driver/Src/stm32l4xx_hal_uart_ex.o
 .debug_line    0x0000920b       0x81 startup/startup_stm32l476xx.o

.debug_str      0x00000000    0xe8bd2
 .debug_str     0x00000000    0xe63c3 Core/Src/main.o
                              0xe67ec (size before relaxing)
 .debug_str     0x000e63c3      0x304 Core/Src/stm32l4xx_hal_msp.o
                              0xe3996 (size before relaxing)
 .debug_str     0x000e66c7      0x134 Core/Src/stm32l4xx_it.o
                              0xe3095 (size before relaxing)
 .debug_str     0x000e67fb       0xb8 Core/Src/system_stm32l4xx.o
                              0xe2c28 (size before relaxing)
 .debug_str     0x000e68b3      0x642 Drivers/STM32L4xx_HAL_Driver/Src/stm32l4xx_hal.o
                              0xe37d8 (size before relaxing)
 .debug_str     0x000e6ef5      0x31d Drivers/STM32L4xx_HAL_Driver/Src/stm32l4xx_hal_cortex.o
                              0xe3497 (size before relaxing)
 .debug_str     0x000e7212      0x229 Drivers/STM32L4xx_HAL_Driver/Src/stm32l4xx_hal_dma.o
                              0xe2ea7 (size before relaxing)
 .debug_str     0x000e743b      0x131 Drivers/STM32L4xx_HAL_Driver/Src/stm32l4xx_hal_gpio.o
                              0xe2ded (size before relaxing)
 .debug_str     0x000e756c      0x4e3 Drivers/STM32L4xx_HAL_Driver/Src/stm32l4xx_hal_pwr_ex.o
                              0xe31ad (size before relaxing)
 .debug_str     0x000e7a4f      0x345 Drivers/STM32L4xx_HAL_Driver/Src/stm32l4xx_hal_rcc.o
                              0xe3263 (size before relaxing)
 .debug_str     0x000e7d94      0x3bf Drivers/STM32L4xx_HAL_Driver/Src/stm32l4xx_hal_rcc_ex.o
                              0xe3425 (size before relaxing)
 .debug_str     0x000e8153      0x86a Drivers/STM32L4xx_HAL_Driver/Src/stm32l4xx_hal_uart.o
                              0xe3953 (size before relaxing)
 .debug_str     0x000e89bd      0x1e6 Drivers/STM32L4xx_HAL_Driver/Src/stm32l4xx_hal_uart_ex.o
                              0xe315a (size before relaxing)
 .debug_str     0x000e8ba3       0x2f startup/startup_stm32l476xx.o
                                 0x5a (size before relaxing)

.comment        0x00000000       0x7f
 .comment       0x00000000       0x7f Core/Src/main.o
                                 0x80 (size before relaxing)
 .comment       0x0000007f       0x80 Core/Src/stm32l4xx_hal_msp.o
 .comment       0x0000007f       0x80 Core/Src/stm32l4xx_it.o
 .comment       0x0000007f       0x80 Core/Src/system_stm32l4xx.o
 .comment       0x0000007f       0x80 Drivers/STM32L4xx_HAL_Driver/Src/stm32l4xx_hal.o
 .comment       0x0000007f       0x80 Drivers/STM32L4xx_HAL_Driver/Src/stm32l4xx_hal_cortex.o
 .comment       0x0000007f       0x80 Drivers/STM32L4xx_HAL_Driver/Src/stm32l4xx_hal_dma.o
 .comment       0x0000007f       0x80 Drivers/STM32L4xx_HAL_Driver/Src/stm32l4xx_hal_gpio.o
 .comment       0x0000007f       0x80 Drivers/STM32L4xx_HAL_Driver/Src/stm32l4xx_hal_pwr_ex.o
 .comment       0x0000007f       0x80 Drivers/STM32L4xx_HAL_Driver/Src/stm32l4xx_hal_rcc.o
 .comment       0x0000007f       0x80 Drivers/STM32L4xx_HAL_Driver/Src/stm32l4xx_hal_rcc_ex.o
 .comment       0x0000007f       0x80 Drivers/STM32L4xx_HAL_Driver/Src/stm32l4xx_hal_uart.o
 .comment       0x0000007f       0x80 Drivers/STM32L4xx_HAL_Driver/Src/stm32l4xx_hal_uart_ex.o

.debug_frame    0x00000000     0x183c
 .debug_frame   0x00000000      0x26c Core/Src/main.o
 .debug_frame   0x0000026c       0x68 Core/Src/stm32l4xx_hal_msp.o
 .debug_frame   0x000002d4       0xf0 Core/Src/stm32l4xx_it.o
 .debug_frame   0x000003c4       0x30 Core/Src/system_stm32l4xx.o
 .debug_frame   0x000003f4      0x274 Drivers/STM32L4xx_HAL_Driver/Src/stm32l4xx_hal.o
 .debug_frame   0x00000668      0x15c Drivers/STM32L4xx_HAL_Driver/Src/stm32l4xx_hal_cortex.o
 .debug_frame   0x000007c4      0x16c Drivers/STM32L4xx_HAL_Driver/Src/stm32l4xx_hal_dma.o
 .debug_frame   0x00000930       0xd8 Drivers/STM32L4xx_HAL_Driver/Src/stm32l4xx_hal_gpio.o
 .debug_frame   0x00000a08      0x2b8 Drivers/STM32L4xx_HAL_Driver/Src/stm32l4xx_hal_pwr_ex.o
 .debug_frame   0x00000cc0      0x19c Drivers/STM32L4xx_HAL_Driver/Src/stm32l4xx_hal_rcc.o
 .debug_frame   0x00000e5c      0x204 Drivers/STM32L4xx_HAL_Driver/Src/stm32l4xx_hal_rcc_ex.o
 .debug_frame   0x00001060      0x5f8 Drivers/STM32L4xx_HAL_Driver/Src/stm32l4xx_hal_uart.o
 .debug_frame   0x00001658      0x138 Drivers/STM32L4xx_HAL_Driver/Src/stm32l4xx_hal_uart_ex.o
 .debug_frame   0x00001790       0x2c c:/ac6/systemworkbench/plugins/fr.ac6.mcu.externaltools.arm-none.win32_1.17.0.201812190825/tools/compiler/bin/../lib/gcc/arm-none-eabi/7.3.1/thumb/v7e-m/fpv4-sp/hard\libgcc.a(_aeabi_uldivmod.o)
 .debug_frame   0x000017bc       0x34 c:/ac6/systemworkbench/plugins/fr.ac6.mcu.externaltools.arm-none.win32_1.17.0.201812190825/tools/compiler/bin/../lib/gcc/arm-none-eabi/7.3.1/thumb/v7e-m/fpv4-sp/hard\libgcc.a(_udivmoddi4.o)
 .debug_frame   0x000017f0       0x2c c:/ac6/systemworkbench/plugins/fr.ac6.mcu.externaltools.arm-none.win32_1.17.0.201812190825/tools/compiler/bin/../lib/gcc/arm-none-eabi/7.3.1/../../../../arm-none-eabi/lib/thumb/v7e-m/fpv4-sp/hard\libc_nano.a(lib_a-init.o)
 .debug_frame   0x0000181c       0x20 c:/ac6/systemworkbench/plugins/fr.ac6.mcu.externaltools.arm-none.win32_1.17.0.201812190825/tools/compiler/bin/../lib/gcc/arm-none-eabi/7.3.1/../../../../arm-none-eabi/lib/thumb/v7e-m/fpv4-sp/hard\libc_nano.a(lib_a-memset.o)
